[0.022s][info][gc] Using The Z Garbage Collector
[0.197s][info][gc] GC(0) Garbage Collection (Warmup) 4M(20%)->6M(30%)
[0.305s][info][gc] GC(1) Garbage Collection (Warmup) 6M(30%)->4M(20%)
[0.397s][info][gc] GC(2) Garbage Collection (Allocation Rate) 4M(20%)->4M(20%)
[0.491s][info][gc] GC(3) Garbage Collection (Allocation Rate) 4M(20%)->4M(20%)
[0.597s][info][gc] GC(4) Garbage Collection (Allocation Rate) 4M(20%)->4M(20%)
[0.689s][info][gc] GC(5) Garbage Collection (Allocation Rate) 4M(20%)->4M(20%)
[0.798s][info][gc] GC(6) Garbage Collection (Allocation Rate) 4M(20%)->4M(20%)
[0.890s][info][gc] GC(7) Garbage Collection (Allocation Rate) 4M(20%)->4M(20%)
[0.998s][info][gc] GC(8) Garbage Collection (Allocation Rate) 4M(20%)->4M(20%)
[1.092s][info][gc] GC(9) Garbage Collection (Warmup) 6M(30%)->4M(20%)
[21.695s][info][gc] GC(10) Garbage Collection (Proactive) 6M(30%)->4M(20%)
[22.210s][info][gc] GC(11) Garbage Collection (Proactive) 12M(60%)->6M(30%)
[23.405s][info][gc] GC(12) Garbage Collection (Proactive) 8M(40%)->6M(30%)
[24.304s][info][gc] GC(13) Garbage Collection (Proactive) 8M(40%)->6M(30%)
[25.202s][info][gc] GC(14) Garbage Collection (Proactive) 8M(40%)->6M(30%)
[26.207s][info][gc] GC(15) Garbage Collection (Proactive) 8M(40%)->6M(30%)
[27.199s][info][gc] GC(16) Garbage Collection (Proactive) 8M(40%)->8M(40%)
[38.299s][info][gc] GC(17) Garbage Collection (Proactive) 10M(50%)->6M(30%)
[39.199s][info][gc] GC(18) Garbage Collection (Proactive) 8M(40%)->8M(40%)
[49.302s][info][gc] GC(19) Garbage Collection (Proactive) 10M(50%)->6M(30%)
[50.295s][info][gc] GC(20) Garbage Collection (Proactive) 8M(40%)->8M(40%)
[53.897s][info][gc] GC(21) Garbage Collection (Proactive) 10M(50%)->8M(40%)
[54.504s][info][gc] GC(22) Garbage Collection (Proactive) 10M(50%)->8M(40%)
[55.403s][info][gc] GC(23) Garbage Collection (Proactive) 10M(50%)->8M(40%)
[56.392s][info][gc] GC(24) Garbage Collection (Proactive) 10M(50%)->8M(40%)
[57.403s][info][gc] GC(25) Garbage Collection (Proactive) 10M(50%)->8M(40%)
[58.392s][info][gc] GC(26) Garbage Collection (Proactive) 10M(50%)->8M(40%)
[59.393s][info][gc] GC(27) Garbage Collection (Proactive) 10M(50%)->8M(40%)
[60.396s][info][gc] GC(28) Garbage Collection (Proactive) 10M(50%)->8M(40%)
[61.402s][info][gc] GC(29) Garbage Collection (Proactive) 10M(50%)->8M(40%)
[62.405s][info][gc] GC(30) Garbage Collection (Proactive) 10M(50%)->8M(40%)
[62.997s][info][gc] GC(31) Garbage Collection (Proactive) 14M(70%)->14M(70%)
[63.020s][info][gc] Allocation Stall (main) 11.732ms
[63.021s][info][gc] GC(32) Garbage Collection (Allocation Stall) 20M(100%)->14M(70%)
[63.037s][info][gc] Allocation Stall (main) 9.414ms
[63.038s][info][gc] GC(33) Garbage Collection (Allocation Stall) 20M(100%)->14M(70%)
[63.052s][info][gc] Allocation Stall (main) 8.787ms
[63.053s][info][gc] GC(34) Garbage Collection (Allocation Stall) 20M(100%)->18M(90%)
[63.102s][info][gc] GC(35) Garbage Collection (Allocation Rate) 18M(90%)->8M(40%)
[63.194s][info][gc] GC(36) Garbage Collection (Allocation Rate) 8M(40%)->8M(40%)
[63.300s][info][gc] GC(37) Garbage Collection (Allocation Rate) 8M(40%)->8M(40%)
[63.394s][info][gc] GC(38) Garbage Collection (Allocation Rate) 10M(50%)->8M(40%)
[63.502s][info][gc] GC(39) Garbage Collection (Allocation Rate) 8M(40%)->8M(40%)
[63.595s][info][gc] GC(40) Garbage Collection (Allocation Rate) 8M(40%)->8M(40%)
[63.701s][info][gc] GC(41) Garbage Collection (Allocation Rate) 8M(40%)->8M(40%)
[63.794s][info][gc] GC(42) Garbage Collection (Allocation Rate) 8M(40%)->8M(40%)
[63.901s][info][gc] GC(43) Garbage Collection (Allocation Rate) 8M(40%)->8M(40%)
[64.395s][info][gc] GC(44) Garbage Collection (Proactive) 10M(50%)->8M(40%)
[65.406s][info][gc] GC(45) Garbage Collection (Proactive) 10M(50%)->8M(40%)
[66.399s][info][gc] GC(46) Garbage Collection (Proactive) 10M(50%)->10M(50%)
[67.096s][info][gc] GC(47) Garbage Collection (Proactive) 12M(60%)->12M(60%)
[74.502s][info][gc] GC(48) Garbage Collection (Proactive) 14M(70%)->8M(40%)
[75.497s][info][gc] GC(49) Garbage Collection (Proactive) 10M(50%)->8M(40%)
[76.097s][info][gc] GC(50) Garbage Collection (Proactive) 12M(60%)->12M(60%)
[87.595s][info][gc] GC(51) Garbage Collection (Proactive) 14M(70%)->12M(60%)
[99.698s][info][gc] GC(52) Garbage Collection (Proactive) 14M(70%)->12M(60%)
[112.798s][info][gc] GC(53) Garbage Collection (Proactive) 14M(70%)->12M(60%)
[125.000s][info][gc] GC(54) Garbage Collection (Proactive) 14M(70%)->12M(60%)
[140.102s][info][gc] GC(55) Garbage Collection (Proactive) 14M(70%)->12M(60%)
[153.202s][info][gc] GC(56) Garbage Collection (Proactive) 14M(70%)->12M(60%)
