[0.007s][info][gc] Using G1
[1.011s][info][gc] GC(0) Pause Young (Normal) (G1 Evacuation Pause) 4M->2M(12M) 3.053ms
[6.976s][info][gc] GC(1) Pause Young (Normal) (G1 Evacuation Pause) 3M->2M(12M) 1.825ms
[7.009s][info][gc] GC(2) Pause Young (Normal) (G1 Evacuation Pause) 3M->3M(12M) 1.159ms
[7.110s][info][gc] GC(3) Pause Young (Normal) (G1 Evacuation Pause) 5M->3M(12M) 2.107ms
[7.688s][info][gc] GC(4) Pause Young (Normal) (G1 Evacuation Pause) 5M->4M(12M) 2.124ms
[21.156s][info][gc] GC(5) Pause Young (Normal) (G1 Evacuation Pause) 6M->4M(12M) 1.185ms
[37.247s][info][gc] GC(6) Pause Young (Normal) (G1 Evacuation Pause) 7M->4M(12M) 1.319ms
[50.285s][info][gc] GC(7) Pause Young (Concurrent Start) (G1 Humongous Allocation) 6M->5M(12M) 1.452ms
[50.286s][info][gc] GC(8) Concurrent Undo Cycle
[50.286s][info][gc] GC(8) Concurrent Undo Cycle 0.189ms
[50.291s][info][gc] GC(9) Pause Young (Normal) (G1 Evacuation Pause) 8M->6M(12M) 1.472ms
[50.297s][info][gc] GC(10) Pause Young (Concurrent Start) (G1 Evacuation Pause) 7M->6M(12M) 1.031ms
[50.297s][info][gc] GC(11) Concurrent Mark Cycle
[50.302s][info][gc] GC(11) Pause Remark 6M->6M(12M) 2.152ms
[50.303s][info][gc] GC(11) Pause Cleanup 6M->6M(12M) 0.080ms
[50.303s][info][gc] GC(11) Concurrent Mark Cycle 5.590ms
[50.306s][info][gc] GC(12) Pause Young (Normal) (G1 Evacuation Pause) 7M->6M(12M) 1.132ms
[50.310s][info][gc] GC(13) Pause Young (Concurrent Start) (G1 Evacuation Pause) 7M->6M(12M) 1.001ms
[50.310s][info][gc] GC(14) Concurrent Mark Cycle
[50.313s][info][gc] GC(14) Pause Remark 7M->7M(12M) 1.308ms
[50.315s][info][gc] GC(14) Pause Cleanup 7M->7M(12M) 0.085ms
[50.315s][info][gc] GC(14) Concurrent Mark Cycle 4.577ms
[50.317s][info][gc] GC(15) Pause Young (Normal) (G1 Evacuation Pause) 8M->6M(12M) 0.999ms
[50.321s][info][gc] GC(16) Pause Young (Concurrent Start) (G1 Evacuation Pause) 8M->6M(12M) 1.134ms
[50.321s][info][gc] GC(17) Concurrent Mark Cycle
[50.323s][info][gc] GC(18) Pause Young (Normal) (G1 Evacuation Pause) 7M->6M(12M) 0.758ms
[50.325s][info][gc] GC(17) Pause Remark 7M->7M(12M) 1.500ms
[50.327s][info][gc] GC(19) Pause Young (Normal) (G1 Evacuation Pause) 7M->6M(12M) 0.616ms
[50.327s][info][gc] GC(17) Pause Cleanup 6M->6M(12M) 0.041ms
[50.328s][info][gc] GC(17) Concurrent Mark Cycle 6.869ms
[50.329s][info][gc] GC(20) Pause Young (Normal) (G1 Evacuation Pause) 7M->6M(12M) 0.543ms
[50.330s][info][gc] GC(21) Pause Young (Concurrent Start) (G1 Evacuation Pause) 7M->6M(12M) 0.592ms
[50.330s][info][gc] GC(22) Concurrent Mark Cycle
[50.332s][info][gc] GC(23) Pause Young (Normal) (G1 Evacuation Pause) 7M->7M(12M) 0.518ms
[50.349s][info][gc] GC(24) Pause Young (Normal) (G1 Evacuation Pause) 8M->7M(12M) 1.041ms
[50.352s][info][gc] GC(22) Pause Remark 7M->7M(12M) 1.568ms
[50.353s][info][gc] GC(25) Pause Young (Normal) (G1 Evacuation Pause) 8M->7M(12M) 0.694ms
[50.354s][info][gc] GC(22) Pause Cleanup 7M->7M(12M) 0.048ms
[50.354s][info][gc] GC(22) Concurrent Mark Cycle 23.439ms
[50.355s][info][gc] GC(26) Pause Young (Normal) (G1 Evacuation Pause) 8M->7M(12M) 0.471ms
[50.357s][info][gc] GC(27) Pause Young (Concurrent Start) (G1 Evacuation Pause) 8M->7M(12M) 0.629ms
[50.357s][info][gc] GC(28) Concurrent Mark Cycle
[50.358s][info][gc] GC(29) Pause Young (Normal) (G1 Evacuation Pause) 8M->7M(12M) 0.519ms
[50.360s][info][gc] GC(28) Pause Remark 8M->8M(12M) 0.793ms
[50.361s][info][gc] GC(30) Pause Young (Normal) (G1 Evacuation Pause) 8M->7M(12M) 0.375ms
[50.361s][info][gc] GC(28) Pause Cleanup 7M->7M(12M) 0.065ms
[50.361s][info][gc] GC(28) Concurrent Mark Cycle 4.886ms
[50.362s][info][gc] GC(31) Pause Young (Normal) (G1 Evacuation Pause) 8M->7M(12M) 0.319ms
[50.364s][info][gc] GC(32) Pause Young (Concurrent Start) (G1 Evacuation Pause) 8M->7M(12M) 0.528ms
[50.364s][info][gc] GC(33) Concurrent Mark Cycle
[50.365s][info][gc] GC(34) Pause Young (Normal) (G1 Evacuation Pause) 8M->7M(12M) 0.250ms
[50.366s][info][gc] GC(33) Pause Remark 8M->8M(12M) 0.637ms
[50.368s][info][gc] GC(35) Pause Young (Normal) (G1 Evacuation Pause) 9M->7M(12M) 0.238ms
[50.368s][info][gc] GC(33) Pause Cleanup 7M->7M(12M) 0.012ms
[50.368s][info][gc] GC(33) Concurrent Mark Cycle 4.272ms
[50.370s][info][gc] GC(36) Pause Young (Normal) (G1 Evacuation Pause) 9M->7M(12M) 0.167ms
[50.371s][info][gc] GC(37) Pause Young (Concurrent Start) (G1 Humongous Allocation) 7M->7M(12M) 0.223ms
[50.371s][info][gc] GC(38) Concurrent Mark Cycle
[50.373s][info][gc] GC(38) Pause Remark 8M->8M(12M) 0.600ms
[50.374s][info][gc] GC(38) Pause Cleanup 8M->8M(12M) 0.013ms
[50.374s][info][gc] GC(38) Concurrent Mark Cycle 3.036ms
[54.562s][info][gc] GC(39) Pause Young (Concurrent Start) (G1 Humongous Allocation) 9M->6M(12M) 0.904ms
[54.562s][info][gc] GC(40) Concurrent Mark Cycle
[54.566s][info][gc] GC(40) Pause Remark 7M->7M(12M) 0.970ms
[54.567s][info][gc] GC(40) Pause Cleanup 7M->7M(12M) 0.084ms
[54.567s][info][gc] GC(40) Concurrent Mark Cycle 4.690ms
[62.405s][info][gc] GC(41) Pause Young (Prepare Mixed) (G1 Evacuation Pause) 9M->7M(12M) 0.973ms
[70.507s][info][gc] GC(42) Pause Young (Mixed) (G1 Evacuation Pause) 8M->6M(12M) 1.839ms
[79.554s][info][gc] GC(43) Pause Young (Concurrent Start) (G1 Evacuation Pause) 7M->6M(12M) 0.955ms
[79.555s][info][gc] GC(44) Concurrent Mark Cycle
[79.559s][info][gc] GC(44) Pause Remark 6M->6M(12M) 2.321ms
[79.561s][info][gc] GC(44) Pause Cleanup 6M->6M(12M) 0.104ms
[79.561s][info][gc] GC(44) Concurrent Mark Cycle 6.264ms
[87.651s][info][gc] GC(45) Pause Young (Normal) (G1 Evacuation Pause) 7M->6M(12M) 1.077ms
[95.739s][info][gc] GC(46) Pause Young (Concurrent Start) (G1 Evacuation Pause) 7M->6M(12M) 0.998ms
[95.740s][info][gc] GC(47) Concurrent Mark Cycle
[95.743s][info][gc] GC(47) Pause Remark 6M->6M(12M) 1.223ms
[95.744s][info][gc] GC(47) Pause Cleanup 6M->6M(12M) 0.082ms
[95.744s][info][gc] GC(47) Concurrent Mark Cycle 4.731ms
[104.850s][info][gc] GC(48) Pause Young (Normal) (G1 Evacuation Pause) 7M->6M(12M) 0.950ms
[113.938s][info][gc] GC(49) Pause Young (Concurrent Start) (G1 Evacuation Pause) 7M->6M(12M) 1.025ms
[113.938s][info][gc] GC(50) Concurrent Mark Cycle
[113.942s][info][gc] GC(50) Pause Remark 6M->6M(12M) 1.238ms
[113.943s][info][gc] GC(50) Pause Cleanup 6M->6M(12M) 0.106ms
[113.943s][info][gc] GC(50) Concurrent Mark Cycle 4.829ms
[123.040s][info][gc] GC(51) Pause Young (Normal) (G1 Evacuation Pause) 7M->6M(12M) 1.044ms
[131.083s][info][gc] GC(52) Pause Young (Concurrent Start) (G1 Evacuation Pause) 7M->6M(12M) 1.101ms
[131.083s][info][gc] GC(53) Concurrent Mark Cycle
[131.087s][info][gc] GC(53) Pause Remark 6M->6M(12M) 1.985ms
[131.089s][info][gc] GC(53) Pause Cleanup 6M->6M(12M) 0.083ms
[131.089s][info][gc] GC(53) Concurrent Mark Cycle 5.761ms
[138.155s][info][gc] GC(54) Pause Young (Normal) (G1 Evacuation Pause) 7M->6M(12M) 1.142ms
